// Jest Snapshot v1, https://goo.gl/fbAQLP

exports[`Task: snapshot 1`] = `
<label
  className="label"
  data-cy="labelTaskText"
>
  <div
    className="container"
  >
    <input
      className="toggle"
      data-cy="toogleTask"
      onChange={[Function]}
      type="checkbox"
    />
    <span
      className="checkmark"
    />
    <span
      className=""
      data-cy="taskText"
    />
    <span
      className="close"
      data-cy="deleteBtn"
      id="delete"
      onClick={[Function]}
    />
  </div>
</label>
`;
