// Jest Snapshot v1, https://goo.gl/fbAQLP

exports[`Add Task: snapshot 1`] = `
<div
  className="container"
>
  <span
    className="arrow"
  />
  <input
    autoFocus={true}
    className="new-todo"
    data-cy="inputText"
    onKeyDown={[Function]}
    placeholder="What needs to be done?"
  />
</div>
`;
