// Jest Snapshot v1, https://goo.gl/fbAQLP

exports[`BottomControls: renders correctly 1`] = `
<div
  className="styles.conainer"
>
  <label
    checked={false}
    className="label"
    data-cy="filterLabel"
  >
    <input
      name="bottom"
      type="radio"
    />
    <span
      data-cy="filterName"
      onClick={[Function]}
    >
      All
    </span>
  </label>
  <label
    checked={false}
    className="label"
    data-cy="filterLabel"
  >
    <input
      name="bottom"
      type="radio"
    />
    <span
      data-cy="filterName"
      onClick={[Function]}
    >
      Active
    </span>
  </label>
  <label
    checked={false}
    className="label"
    data-cy="filterLabel"
  >
    <input
      name="bottom"
      type="radio"
    />
    <span
      data-cy="filterName"
      onClick={[Function]}
    >
      Completed
    </span>
  </label>
</div>
`;
